// Jest Snapshot v1, https://goo.gl/fbAQLP

exports[`Header Spec renders correctly 1`] = `
<nav
  className="sc-EHOje fKTxvQ"
>
  <a
    className="sc-bZQynM lnZZkT"
    href="/"
    nature="default"
  >
    
  </a>
  <button
    className="sc-htpNat kAywDC"
    onClick={[Function]}
  >
    Menu
  </button>
  <div
    className="sc-bdVaJa iORtBj"
  >
    <a
      className="sc-bwzfXH ktfgbH"
      href="/"
      nature="default"
    >
      Home
    </a>
    <a
      className="sc-bwzfXH ktfgbH"
      href="/dev"
      nature="default"
    >
      Dev
    </a>
    <a
      className="sc-bwzfXH ktfgbH"
      href="/photography"
      nature="default"
    >
      Photography
    </a>
    <a
      className="sc-bwzfXH ktfgbH"
      href="/book"
      nature="default"
    >
      Book Session
    </a>
    <a
      className="sc-bwzfXH ktfgbH"
      href="/about"
      nature="default"
    >
      About
    </a>
  </div>
</nav>
`;
