// Jest Snapshot v1, https://goo.gl/fbAQLP

exports[`Header Spec renders correctly 1`] = `
<nav
  className="sc-EHOje jQwEIl"
>
  <a
    className="sc-bZQynM lnZZkT"
    href="/"
  >
    
  </a>
  <button
    className="sc-htpNat PzwZx"
    onClick={[Function]}
  >
    Menu
  </button>
  <div
    className="sc-bdVaJa iORtBj"
  >
    <a
      className="sc-bwzfXH dVvytM"
      href="/"
    >
      Home
    </a>
    <a
      className="sc-bwzfXH dVvytM"
      href="/blog"
    >
      Blog
    </a>
    <a
      className="sc-bwzfXH dVvytM"
      href="/photography"
    >
      Photography
    </a>
    <a
      className="sc-bwzfXH dVvytM"
      href="/book"
    >
      Book Session
    </a>
    <a
      className="sc-bwzfXH dVvytM"
      href="/about"
    >
      About
    </a>
  </div>
</nav>
`;
