// Jest Snapshot v1, https://goo.gl/fbAQLP

exports[`NavModal Specs renders the modal on > desktop correctly 1`] = `
<div
  className="sc-bdVaJa iORtBj"
>
  <a
    className="sc-bwzfXH fupRxQ"
    href="/"
  >
    Home
  </a>
  <a
    className="sc-bwzfXH fupRxQ"
    href="/dev"
  >
    Dev
  </a>
  <a
    className="sc-bwzfXH fupRxQ"
    href="/photography"
  >
    Photography
  </a>
  <a
    className="sc-bwzfXH fupRxQ"
    href="/book"
  >
    Book Session
  </a>
  <a
    className="sc-bwzfXH fupRxQ"
    href="/about"
  >
    About
  </a>
</div>
`;
