// Jest Snapshot v1, https://goo.gl/fbAQLP

exports[`NavModal Specs renders the modal on > desktop correctly 1`] = `
<div
  className="sc-bdVaJa iORtBj"
>
  <a
    className="sc-bwzfXH dVvytM"
    href="/"
  >
    Home
  </a>
  <a
    className="sc-bwzfXH dVvytM"
    href="/blog"
  >
    Blog
  </a>
  <a
    className="sc-bwzfXH dVvytM"
    href="/photography"
  >
    Photography
  </a>
  <a
    className="sc-bwzfXH dVvytM"
    href="/book"
  >
    Book
  </a>
</div>
`;
